============================= test session starts =============================
platform win32 -- Python 3.13.7, pytest-8.4.2, pluggy-1.6.0
benchmark: 5.2.2 (defaults: timer=time.perf_counter disable_gc=False min_rounds=5 min_time=0.000005 max_time=1.0 calibration_precision=10 warmup=False warmup_iterations=100000)
rootdir: D:\AI AGENT CODERV1\QUANTUM CURRENCY\QFS\V13
configfile: pytest.ini
plugins: anyio-4.11.0, hypothesis-6.148.2, asyncio-1.2.0, benchmark-5.2.2, cov-7.0.0
asyncio: mode=Mode.STRICT, debug=False, asyncio_default_fixture_loop_scope=None, asyncio_default_test_loop_scope=function
collected 115 items / 1 error

=================================== ERRORS ====================================
____ ERROR collecting v13/tests/unit/test_value_node_replay_explanation.py ____
C:\Users\Usuario\AppData\Roaming\Python\Python313\site-packages\_pytest\python.py:498: in importtestmodule
    mod = import_path(
C:\Users\Usuario\AppData\Roaming\Python\Python313\site-packages\_pytest\pathlib.py:587: in import_path
    importlib.import_module(module_name)
C:\Python313\Lib\importlib\__init__.py:88: in import_module
    return _bootstrap._gcd_import(name[level:], package, level)
           ^^^^^^^^^^^^^^^^^^^^^^^^^^^^^^^^^^^^^^^^^^^^^^^^^^^^
<frozen importlib._bootstrap>:1387: in _gcd_import
    ???
<frozen importlib._bootstrap>:1360: in _find_and_load
    ???
<frozen importlib._bootstrap>:1331: in _find_and_load_unlocked
    ???
<frozen importlib._bootstrap>:935: in _load_unlocked
    ???
C:\Users\Usuario\AppData\Roaming\Python\Python313\site-packages\_pytest\assertion\rewrite.py:186: in exec_module
    exec(co, module.__dict__)
v13\tests\unit\test_value_node_replay_explanation.py:10: in <module>
    from v13.policy.value_node_replay import ValueNodeReplayEngine
v13\policy\value_node_replay.py:17: in <module>
    from v13.policy.value_node_explainability import (
E     File "D:\AI AGENT CODERV1\QUANTUM CURRENCY\QFS\V13\v13\policy\value_node_explainability.py", line 67
E       <<<<<<< HEAD
E       ^^
E   SyntaxError: invalid syntax
=========================== short test summary info ===========================
ERROR v13/tests/unit/test_value_node_replay_explanation.py
!!!!!!!!!!!!!!!!!!! Interrupted: 1 error during collection !!!!!!!!!!!!!!!!!!!!
============================== 1 error in 1.52s ===============================
