============================= test session starts =============================
platform win32 -- Python 3.13.7, pytest-8.4.2, pluggy-1.6.0
benchmark: 5.2.2 (defaults: timer=time.perf_counter disable_gc=False min_rounds=5 min_time=0.000005 max_time=1.0 calibration_precision=10 warmup=False warmup_iterations=100000)
rootdir: D:\AI AGENT CODERV1\QUANTUM CURRENCY\QFS\V13
configfile: pytest.ini
plugins: anyio-4.11.0, hypothesis-6.148.2, asyncio-1.2.0, benchmark-5.2.2, cov-7.0.0
asyncio: mode=Mode.STRICT, debug=False, asyncio_default_fixture_loop_scope=None, asyncio_default_test_loop_scope=function

================================================================================
[WARNING]: Using MockPQC (SHA-256 simulation) - NOT CRYPTOGRAPHICALLY SECURE
================================================================================
This is ONLY suitable for integration testing.
DO NOT use in production or for security audits.
Install pqcrystals or liboqs-python for real PQC support.
================================================================================

collected 2 items

v13\ATLAS\src\tests\test_explain_this_e2e.py DEBUG: Status=401, Body={"detail":"Not authenticated"}
FF

================================== FAILURES ===================================
________________________ test_explain_reward_e2e_flow _________________________

    def test_explain_reward_e2e_flow():
        """
        Simulate a user asking "Why did I get this reward?" via the ATLAS UI.
    
        1.  Frontend calls GET /explain/reward/{wallet_id}
        2.  Backend instantiates ValueNodeReplayEngine
        3.  Backend replays (mock) ledger events
        4.  Backend generates ValueNodeRewardExplanation
        5.  Backend returns SimplifiedExplanation JSON
    
        We verify the inputs flow through to the output deterministic hash.
        """
        # Shared State Injection (Bypassing dependency overrides which are fragile in this context)
        from v13.ATLAS.src.api.dependencies import get_replay_source
        from v13.core.CoherenceLedger import LedgerEntry
    
        replay_source = get_replay_source()
        # Clear existing entries to avoid contamination
        replay_source.ledger.ledger_entries = []
    
        wallet_id = "wallet_test_e2e"
        epoch = 10
    
        # 1. Add HSMF Context Event (needed for replay context)
        replay_source.ledger.ledger_entries.append(
            LedgerEntry(
                entry_id="hsmf_evt_1",
                timestamp=1234567800,
                entry_type="hsmf_metrics",
                data={"coherence_score": 98},
                previous_hash="genesis",
                entry_hash="hsmf_evt_1_hash",
                pqc_cid="cid_1",
                quantum_metadata={},
            )
        )
    
        # 2. Add Reward Event
        # We need "amount": 1000 for "10.0 ATR" base reward expectation in test
        replay_source.ledger.ledger_entries.append(
            LedgerEntry(
                entry_id="reward_evt_1",
                timestamp=1234567890,
                entry_type="reward_allocation",
                data={
                    "wallet_id": wallet_id,
                    "rewards": {wallet_id: "10.0 ATR"},  # string to match grep
                    "amount": 1000,
                    "bonuses": [],
                    "caps": [],
                },
                previous_hash="hsmf_evt_1_hash",
                entry_hash="reward_evt_1_hash",
                pqc_cid="cid_2",
                quantum_metadata={},
            )
        )
    
        from fastapi.testclient import TestClient
    
        with TestClient(app) as client:
            response = client.get(f"/explain/reward/{wallet_id}?epoch={epoch}")
    
            print(f"DEBUG: Status={response.status_code}, Body={response.text}")
>           assert response.status_code == 200, f"API call failed: {response.text}"
E           AssertionError: API call failed: {"detail":"Not authenticated"}
E           assert 401 == 200
E            +  where 401 = <Response [401 Unauthorized]>.status_code

v13\ATLAS\src\tests\test_explain_this_e2e.py:78: AssertionError
________________________ test_explain_ranking_e2e_flow ________________________

    def test_explain_ranking_e2e_flow():
        """Simulate a user asking 'Why is this ranked #X?'."""
        from fastapi.testclient import TestClient
    
        with TestClient(app) as client:
            content_id = "c_test_ranking"
    
            response = client.get(f"/explain/ranking/{content_id}")
>       assert response.status_code == 200
E       assert 404 == 200
E        +  where 404 = <Response [404 Not Found]>.status_code

v13\ATLAS\src\tests\test_explain_this_e2e.py:114: AssertionError
============================== warnings summary ===============================
C:\Users\Usuario\AppData\Roaming\Python\Python313\site-packages\starlette\formparsers.py:12
  C:\Users\Usuario\AppData\Roaming\Python\Python313\site-packages\starlette\formparsers.py:12: PendingDeprecationWarning: Please use `import python_multipart` instead.
    import multipart

v13\ATLAS\src\models\wallet.py:16
  D:\AI AGENT CODERV1\QUANTUM CURRENCY\QFS\V13\v13\ATLAS\src\models\wallet.py:16: PydanticDeprecatedSince20: Pydantic V1 style `@validator` validators are deprecated. You should migrate to Pydantic V2 style `@field_validator` validators, see the migration guide for more details. Deprecated in Pydantic V2.0 to be removed in V3.0. See Pydantic V2 Migration Guide at https://errors.pydantic.dev/2.11/migration/
    @validator('balance', 'locked', 'total')

v13\ATLAS\src\models\wallet.py:49
  D:\AI AGENT CODERV1\QUANTUM CURRENCY\QFS\V13\v13\ATLAS\src\models\wallet.py:49: PydanticDeprecatedSince20: Pydantic V1 style `@validator` validators are deprecated. You should migrate to Pydantic V2 style `@field_validator` validators, see the migration guide for more details. Deprecated in Pydantic V2.0 to be removed in V3.0. See Pydantic V2 Migration Guide at https://errors.pydantic.dev/2.11/migration/
    @validator('created_at', 'updated_at')

v13\ATLAS\src\models\transaction.py:31
  D:\AI AGENT CODERV1\QUANTUM CURRENCY\QFS\V13\v13\ATLAS\src\models\transaction.py:31: PydanticDeprecatedSince20: Pydantic V1 style `@validator` validators are deprecated. You should migrate to Pydantic V2 style `@field_validator` validators, see the migration guide for more details. Deprecated in Pydantic V2.0 to be removed in V3.0. See Pydantic V2 Migration Guide at https://errors.pydantic.dev/2.11/migration/
    @validator('timestamp')

C:\Users\Usuario\AppData\Roaming\Python\Python313\site-packages\pydantic\_internal\_config.py:323
  C:\Users\Usuario\AppData\Roaming\Python\Python313\site-packages\pydantic\_internal\_config.py:323: PydanticDeprecatedSince20: Support for class-based `config` is deprecated, use ConfigDict instead. Deprecated in Pydantic V2.0 to be removed in V3.0. See Pydantic V2 Migration Guide at https://errors.pydantic.dev/2.11/migration/
    warnings.warn(DEPRECATION_MESSAGE, DeprecationWarning)

C:\Users\Usuario\AppData\Roaming\Python\Python313\site-packages\pydantic\_internal\_generate_schema.py:293
C:\Users\Usuario\AppData\Roaming\Python\Python313\site-packages\pydantic\_internal\_generate_schema.py:293
  C:\Users\Usuario\AppData\Roaming\Python\Python313\site-packages\pydantic\_internal\_generate_schema.py:293: PydanticDeprecatedSince20: `json_encoders` is deprecated. See https://docs.pydantic.dev/2.11/concepts/serialization/#custom-serializers for alternatives. Deprecated in Pydantic V2.0 to be removed in V3.0. See Pydantic V2 Migration Guide at https://errors.pydantic.dev/2.11/migration/
    warnings.warn(

v13\ATLAS\src\models\quantum.py:123
  D:\AI AGENT CODERV1\QUANTUM CURRENCY\QFS\V13\v13\ATLAS\src\models\quantum.py:123: PydanticDeprecatedSince20: Pydantic V1 style `@validator` validators are deprecated. You should migrate to Pydantic V2 style `@field_validator` validators, see the migration guide for more details. Deprecated in Pydantic V2.0 to be removed in V3.0. See Pydantic V2 Migration Guide at https://errors.pydantic.dev/2.11/migration/
    @validator('max_value')

C:\Users\Usuario\AppData\Roaming\Python\Python313\site-packages\pydantic\fields.py:1045
  C:\Users\Usuario\AppData\Roaming\Python\Python313\site-packages\pydantic\fields.py:1045: PydanticDeprecatedSince20: `min_items` is deprecated and will be removed, use `min_length` instead. Deprecated in Pydantic V2.0 to be removed in V3.0. See Pydantic V2 Migration Guide at https://errors.pydantic.dev/2.11/migration/
    warn('`min_items` is deprecated and will be removed, use `min_length` instead', DeprecationWarning)

C:\Users\Usuario\AppData\Roaming\Python\Python313\site-packages\pydantic\fields.py:1051
  C:\Users\Usuario\AppData\Roaming\Python\Python313\site-packages\pydantic\fields.py:1051: PydanticDeprecatedSince20: `max_items` is deprecated and will be removed, use `max_length` instead. Deprecated in Pydantic V2.0 to be removed in V3.0. See Pydantic V2 Migration Guide at https://errors.pydantic.dev/2.11/migration/
    warn('`max_items` is deprecated and will be removed, use `max_length` instead', DeprecationWarning)

-- Docs: https://docs.pytest.org/en/stable/how-to/capture-warnings.html
=========================== short test summary info ===========================
FAILED v13/ATLAS/src/tests/test_explain_this_e2e.py::test_explain_reward_e2e_flow
FAILED v13/ATLAS/src/tests/test_explain_this_e2e.py::test_explain_ranking_e2e_flow
======================= 2 failed, 10 warnings in 1.89s ========================
